// Jest Snapshot v1, https://goo.gl/fbAQLP

exports[`Repository Views correctly 1`] = `
Array [
  <View
    style={
      Array [
        Object {
          "backgroundColor": "#fff",
        },
        Object {
          "borderTopColor": "#cccccc",
          "borderTopWidth": 1,
          "flex": 1,
          "paddingBottom": 10,
          "paddingLeft": 10,
          "paddingRight": 10,
          "paddingTop": 10,
          "width": "100%",
        },
      ]
    }
  >
    <View
      style={
        Array [
          Object {
            "backgroundColor": "#fff",
          },
          Object {
            "alignItems": "center",
            "flex": 1,
            "flexDirection": "row",
            "justifyContent": "space-between",
          },
        ]
      }
    >
      <View
        style={
          Array [
            Object {
              "backgroundColor": "#fff",
            },
            Object {
              "alignItems": "center",
              "flex": 1,
              "flexDirection": "row",
              "justifyContent": "flex-start",
            },
          ]
        }
      >
        <Text
          style={
            Array [
              Object {
                "color": "#000",
              },
              Object {
                "fontSize": 16,
                "paddingStart": 5,
              },
            ]
          }
        >
          MP0-Fall2018-cyc2000
        </Text>
      </View>
      <Text
        style={
          Array [
            Object {
              "color": "#000",
            },
            Object {
              "fontSize": 12,
            },
          ]
        }
      >
         
        cs125-illinois-students
      </Text>
    </View>
    <Text
      style={
        Array [
          Object {
            "color": "#000",
          },
          Object {
            "flex": 1,
            "fontSize": 12,
          },
        ]
      }
    >
       
      MP0-Fall2018-cyc2000 created by GitHub Classroom
    </Text>
  </View>,
  <View
    style={
      Array [
        Object {
          "backgroundColor": "#fff",
        },
        Object {
          "borderTopColor": "#cccccc",
          "borderTopWidth": 1,
          "flex": 1,
          "paddingBottom": 10,
          "paddingLeft": 10,
          "paddingRight": 10,
          "paddingTop": 10,
          "width": "100%",
        },
      ]
    }
  >
    <View
      style={
        Array [
          Object {
            "backgroundColor": "#fff",
          },
          Object {
            "alignItems": "center",
            "flex": 1,
            "flexDirection": "row",
            "justifyContent": "space-between",
          },
        ]
      }
    >
      <View
        style={
          Array [
            Object {
              "backgroundColor": "#fff",
            },
            Object {
              "alignItems": "center",
              "flex": 1,
              "flexDirection": "row",
              "justifyContent": "flex-start",
            },
          ]
        }
      >
        <Text
          style={
            Array [
              Object {
                "color": "#000",
              },
              Object {
                "fontSize": 16,
                "paddingStart": 5,
              },
            ]
          }
        >
          MP1-Fall2018-cyc2000
        </Text>
      </View>
      <Text
        style={
          Array [
            Object {
              "color": "#000",
            },
            Object {
              "fontSize": 12,
            },
          ]
        }
      >
         
        cs125-illinois-students
      </Text>
    </View>
    <Text
      style={
        Array [
          Object {
            "color": "#000",
          },
          Object {
            "flex": 1,
            "fontSize": 12,
          },
        ]
      }
    >
       
      MP1-Fall2018-cyc2000 created by GitHub Classroom
    </Text>
  </View>,
  <View
    style={
      Array [
        Object {
          "backgroundColor": "#fff",
        },
        Object {
          "borderTopColor": "#cccccc",
          "borderTopWidth": 1,
          "flex": 1,
          "paddingBottom": 10,
          "paddingLeft": 10,
          "paddingRight": 10,
          "paddingTop": 10,
          "width": "100%",
        },
      ]
    }
  >
    <View
      style={
        Array [
          Object {
            "backgroundColor": "#fff",
          },
          Object {
            "alignItems": "center",
            "flex": 1,
            "flexDirection": "row",
            "justifyContent": "space-between",
          },
        ]
      }
    >
      <View
        style={
          Array [
            Object {
              "backgroundColor": "#fff",
            },
            Object {
              "alignItems": "center",
              "flex": 1,
              "flexDirection": "row",
              "justifyContent": "flex-start",
            },
          ]
        }
      >
        <Text
          style={
            Array [
              Object {
                "color": "#000",
              },
              Object {
                "fontSize": 16,
                "paddingStart": 5,
              },
            ]
          }
        >
          Lab2
        </Text>
      </View>
      <Text
        style={
          Array [
            Object {
              "color": "#000",
            },
            Object {
              "fontSize": 12,
            },
          ]
        }
      >
         
        cyc2000
      </Text>
    </View>
    <Text
      style={
        Array [
          Object {
            "color": "#000",
          },
          Object {
            "flex": 1,
            "fontSize": 12,
          },
        ]
      }
    >
       
      Lab 2 starter code.
    </Text>
  </View>,
  <View
    style={
      Array [
        Object {
          "backgroundColor": "#fff",
        },
        Object {
          "borderTopColor": "#cccccc",
          "borderTopWidth": 1,
          "flex": 1,
          "paddingBottom": 10,
          "paddingLeft": 10,
          "paddingRight": 10,
          "paddingTop": 10,
          "width": "100%",
        },
      ]
    }
  >
    <View
      style={
        Array [
          Object {
            "backgroundColor": "#fff",
          },
          Object {
            "alignItems": "center",
            "flex": 1,
            "flexDirection": "row",
            "justifyContent": "space-between",
          },
        ]
      }
    >
      <View
        style={
          Array [
            Object {
              "backgroundColor": "#fff",
            },
            Object {
              "alignItems": "center",
              "flex": 1,
              "flexDirection": "row",
              "justifyContent": "flex-start",
            },
          ]
        }
      >
        <Text
          style={
            Array [
              Object {
                "color": "#000",
              },
              Object {
                "fontSize": 16,
                "paddingStart": 5,
              },
            ]
          }
        >
          MP2-Fall2018-cyc2000
        </Text>
      </View>
      <Text
        style={
          Array [
            Object {
              "color": "#000",
            },
            Object {
              "fontSize": 12,
            },
          ]
        }
      >
         
        cs125-illinois-students
      </Text>
    </View>
    <Text
      style={
        Array [
          Object {
            "color": "#000",
          },
          Object {
            "flex": 1,
            "fontSize": 12,
          },
        ]
      }
    >
       
      MP2-Fall2018-cyc2000 created by GitHub Classroom
    </Text>
  </View>,
  <View
    style={
      Array [
        Object {
          "backgroundColor": "#fff",
        },
        Object {
          "borderTopColor": "#cccccc",
          "borderTopWidth": 1,
          "flex": 1,
          "paddingBottom": 10,
          "paddingLeft": 10,
          "paddingRight": 10,
          "paddingTop": 10,
          "width": "100%",
        },
      ]
    }
  >
    <View
      style={
        Array [
          Object {
            "backgroundColor": "#fff",
          },
          Object {
            "alignItems": "center",
            "flex": 1,
            "flexDirection": "row",
            "justifyContent": "space-between",
          },
        ]
      }
    >
      <View
        style={
          Array [
            Object {
              "backgroundColor": "#fff",
            },
            Object {
              "alignItems": "center",
              "flex": 1,
              "flexDirection": "row",
              "justifyContent": "flex-start",
            },
          ]
        }
      >
        <Text
          style={
            Array [
              Object {
                "color": "#000",
              },
              Object {
                "fontSize": 16,
                "paddingStart": 5,
              },
            ]
          }
        >
          Lab3
        </Text>
      </View>
      <Text
        style={
          Array [
            Object {
              "color": "#000",
            },
            Object {
              "fontSize": 12,
            },
          ]
        }
      >
         
        cyc2000
      </Text>
    </View>
    <Text
      style={
        Array [
          Object {
            "color": "#000",
          },
          Object {
            "flex": 1,
            "fontSize": 12,
          },
        ]
      }
    >
       
      This
    </Text>
  </View>,
  <View
    style={
      Array [
        Object {
          "backgroundColor": "#fff",
        },
        Object {
          "borderTopColor": "#cccccc",
          "borderTopWidth": 1,
          "flex": 1,
          "paddingBottom": 10,
          "paddingLeft": 10,
          "paddingRight": 10,
          "paddingTop": 10,
          "width": "100%",
        },
      ]
    }
  >
    <View
      style={
        Array [
          Object {
            "backgroundColor": "#fff",
          },
          Object {
            "alignItems": "center",
            "flex": 1,
            "flexDirection": "row",
            "justifyContent": "space-between",
          },
        ]
      }
    >
      <View
        style={
          Array [
            Object {
              "backgroundColor": "#fff",
            },
            Object {
              "alignItems": "center",
              "flex": 1,
              "flexDirection": "row",
              "justifyContent": "flex-start",
            },
          ]
        }
      >
        <Text
          style={
            Array [
              Object {
                "color": "#000",
              },
              Object {
                "fontSize": 16,
                "paddingStart": 5,
              },
            ]
          }
        >
          Lab4
        </Text>
      </View>
      <Text
        style={
          Array [
            Object {
              "color": "#000",
            },
            Object {
              "fontSize": 12,
            },
          ]
        }
      >
         
        cyc2000
      </Text>
    </View>
    <Text
      style={
        Array [
          Object {
            "color": "#000",
          },
          Object {
            "flex": 1,
            "fontSize": 12,
          },
        ]
      }
    >
       
      Fall 2018 Lab4 starter code.
    </Text>
  </View>,
  <View
    style={
      Array [
        Object {
          "backgroundColor": "#fff",
        },
        Object {
          "borderTopColor": "#cccccc",
          "borderTopWidth": 1,
          "flex": 1,
          "paddingBottom": 10,
          "paddingLeft": 10,
          "paddingRight": 10,
          "paddingTop": 10,
          "width": "100%",
        },
      ]
    }
  >
    <View
      style={
        Array [
          Object {
            "backgroundColor": "#fff",
          },
          Object {
            "alignItems": "center",
            "flex": 1,
            "flexDirection": "row",
            "justifyContent": "space-between",
          },
        ]
      }
    >
      <View
        style={
          Array [
            Object {
              "backgroundColor": "#fff",
            },
            Object {
              "alignItems": "center",
              "flex": 1,
              "flexDirection": "row",
              "justifyContent": "flex-start",
            },
          ]
        }
      >
        <Text
          style={
            Array [
              Object {
                "color": "#000",
              },
              Object {
                "fontSize": 16,
                "paddingStart": 5,
              },
            ]
          }
        >
          MP3-Fall2018-cyc2000
        </Text>
      </View>
      <Text
        style={
          Array [
            Object {
              "color": "#000",
            },
            Object {
              "fontSize": 12,
            },
          ]
        }
      >
         
        cs125-illinois-students
      </Text>
    </View>
    <Text
      style={
        Array [
          Object {
            "color": "#000",
          },
          Object {
            "flex": 1,
            "fontSize": 12,
          },
        ]
      }
    >
       
      MP3-Fall2018-cyc2000 created by GitHub Classroom
    </Text>
  </View>,
  <View
    style={
      Array [
        Object {
          "backgroundColor": "#fff",
        },
        Object {
          "borderTopColor": "#cccccc",
          "borderTopWidth": 1,
          "flex": 1,
          "paddingBottom": 10,
          "paddingLeft": 10,
          "paddingRight": 10,
          "paddingTop": 10,
          "width": "100%",
        },
      ]
    }
  >
    <View
      style={
        Array [
          Object {
            "backgroundColor": "#fff",
          },
          Object {
            "alignItems": "center",
            "flex": 1,
            "flexDirection": "row",
            "justifyContent": "space-between",
          },
        ]
      }
    >
      <View
        style={
          Array [
            Object {
              "backgroundColor": "#fff",
            },
            Object {
              "alignItems": "center",
              "flex": 1,
              "flexDirection": "row",
              "justifyContent": "flex-start",
            },
          ]
        }
      >
        <Text
          style={
            Array [
              Object {
                "color": "#000",
              },
              Object {
                "fontSize": 16,
                "paddingStart": 5,
              },
            ]
          }
        >
          Lab5
        </Text>
      </View>
      <Text
        style={
          Array [
            Object {
              "color": "#000",
            },
            Object {
              "fontSize": 12,
            },
          ]
        }
      >
         
        cyc2000
      </Text>
    </View>
    <Text
      style={
        Array [
          Object {
            "color": "#000",
          },
          Object {
            "flex": 1,
            "fontSize": 12,
          },
        ]
      }
    >
       
      Fall 2018 Lab5 starter code.
    </Text>
  </View>,
  <View
    style={
      Array [
        Object {
          "backgroundColor": "#fff",
        },
        Object {
          "borderTopColor": "#cccccc",
          "borderTopWidth": 1,
          "flex": 1,
          "paddingBottom": 10,
          "paddingLeft": 10,
          "paddingRight": 10,
          "paddingTop": 10,
          "width": "100%",
        },
      ]
    }
  >
    <View
      style={
        Array [
          Object {
            "backgroundColor": "#fff",
          },
          Object {
            "alignItems": "center",
            "flex": 1,
            "flexDirection": "row",
            "justifyContent": "space-between",
          },
        ]
      }
    >
      <View
        style={
          Array [
            Object {
              "backgroundColor": "#fff",
            },
            Object {
              "alignItems": "center",
              "flex": 1,
              "flexDirection": "row",
              "justifyContent": "flex-start",
            },
          ]
        }
      >
        <Text
          style={
            Array [
              Object {
                "color": "#000",
              },
              Object {
                "fontSize": 16,
                "paddingStart": 5,
              },
            ]
          }
        >
          Lab6
        </Text>
      </View>
      <Text
        style={
          Array [
            Object {
              "color": "#000",
            },
            Object {
              "fontSize": 12,
            },
          ]
        }
      >
         
        cyc2000
      </Text>
    </View>
    <Text
      style={
        Array [
          Object {
            "color": "#000",
          },
          Object {
            "flex": 1,
            "fontSize": 12,
          },
        ]
      }
    >
       
      Fall 2018 Lab6 starter code.
    </Text>
  </View>,
  <View
    style={
      Array [
        Object {
          "backgroundColor": "#fff",
        },
        Object {
          "borderTopColor": "#cccccc",
          "borderTopWidth": 1,
          "flex": 1,
          "paddingBottom": 10,
          "paddingLeft": 10,
          "paddingRight": 10,
          "paddingTop": 10,
          "width": "100%",
        },
      ]
    }
  >
    <View
      style={
        Array [
          Object {
            "backgroundColor": "#fff",
          },
          Object {
            "alignItems": "center",
            "flex": 1,
            "flexDirection": "row",
            "justifyContent": "space-between",
          },
        ]
      }
    >
      <View
        style={
          Array [
            Object {
              "backgroundColor": "#fff",
            },
            Object {
              "alignItems": "center",
              "flex": 1,
              "flexDirection": "row",
              "justifyContent": "flex-start",
            },
          ]
        }
      >
        <Text
          style={
            Array [
              Object {
                "color": "#000",
              },
              Object {
                "fontSize": 16,
                "paddingStart": 5,
              },
            ]
          }
        >
          MP4-Fall2018-cyc2000
        </Text>
      </View>
      <Text
        style={
          Array [
            Object {
              "color": "#000",
            },
            Object {
              "fontSize": 12,
            },
          ]
        }
      >
         
        cs125-illinois-students
      </Text>
    </View>
    <Text
      style={
        Array [
          Object {
            "color": "#000",
          },
          Object {
            "flex": 1,
            "fontSize": 12,
          },
        ]
      }
    >
       
      MP4-Fall2018-cyc2000 created by GitHub Classroom
    </Text>
  </View>,
  <View
    style={
      Array [
        Object {
          "backgroundColor": "#fff",
        },
        Object {
          "borderTopColor": "#cccccc",
          "borderTopWidth": 1,
          "flex": 1,
          "paddingBottom": 10,
          "paddingLeft": 10,
          "paddingRight": 10,
          "paddingTop": 10,
          "width": "100%",
        },
      ]
    }
  >
    <View
      style={
        Array [
          Object {
            "backgroundColor": "#fff",
          },
          Object {
            "alignItems": "center",
            "flex": 1,
            "flexDirection": "row",
            "justifyContent": "space-between",
          },
        ]
      }
    >
      <View
        style={
          Array [
            Object {
              "backgroundColor": "#fff",
            },
            Object {
              "alignItems": "center",
              "flex": 1,
              "flexDirection": "row",
              "justifyContent": "flex-start",
            },
          ]
        }
      >
        <Text
          style={
            Array [
              Object {
                "color": "#000",
              },
              Object {
                "fontSize": 16,
                "paddingStart": 5,
              },
            ]
          }
        >
          Lab8
        </Text>
      </View>
      <Text
        style={
          Array [
            Object {
              "color": "#000",
            },
            Object {
              "fontSize": 12,
            },
          ]
        }
      >
         
        cyc2000
      </Text>
    </View>
    <Text
      style={
        Array [
          Object {
            "color": "#000",
          },
          Object {
            "flex": 1,
            "fontSize": 12,
          },
        ]
      }
    >
       
      Fall 2018 Lab8 starter code.
    </Text>
  </View>,
  <View
    style={
      Array [
        Object {
          "backgroundColor": "#fff",
        },
        Object {
          "borderTopColor": "#cccccc",
          "borderTopWidth": 1,
          "flex": 1,
          "paddingBottom": 10,
          "paddingLeft": 10,
          "paddingRight": 10,
          "paddingTop": 10,
          "width": "100%",
        },
      ]
    }
  >
    <View
      style={
        Array [
          Object {
            "backgroundColor": "#fff",
          },
          Object {
            "alignItems": "center",
            "flex": 1,
            "flexDirection": "row",
            "justifyContent": "space-between",
          },
        ]
      }
    >
      <View
        style={
          Array [
            Object {
              "backgroundColor": "#fff",
            },
            Object {
              "alignItems": "center",
              "flex": 1,
              "flexDirection": "row",
              "justifyContent": "flex-start",
            },
          ]
        }
      >
        <Text
          style={
            Array [
              Object {
                "color": "#000",
              },
              Object {
                "fontSize": 16,
                "paddingStart": 5,
              },
            ]
          }
        >
          Lab9
        </Text>
      </View>
      <Text
        style={
          Array [
            Object {
              "color": "#000",
            },
            Object {
              "fontSize": 12,
            },
          ]
        }
      >
         
        cyc2000
      </Text>
    </View>
    <Text
      style={
        Array [
          Object {
            "color": "#000",
          },
          Object {
            "flex": 1,
            "fontSize": 12,
          },
        ]
      }
    >
       
      Fall 2018 Lab9.
    </Text>
  </View>,
  <View
    style={
      Array [
        Object {
          "backgroundColor": "#fff",
        },
        Object {
          "borderTopColor": "#cccccc",
          "borderTopWidth": 1,
          "flex": 1,
          "paddingBottom": 10,
          "paddingLeft": 10,
          "paddingRight": 10,
          "paddingTop": 10,
          "width": "100%",
        },
      ]
    }
  >
    <View
      style={
        Array [
          Object {
            "backgroundColor": "#fff",
          },
          Object {
            "alignItems": "center",
            "flex": 1,
            "flexDirection": "row",
            "justifyContent": "space-between",
          },
        ]
      }
    >
      <View
        style={
          Array [
            Object {
              "backgroundColor": "#fff",
            },
            Object {
              "alignItems": "center",
              "flex": 1,
              "flexDirection": "row",
              "justifyContent": "flex-start",
            },
          ]
        }
      >
        <Text
          style={
            Array [
              Object {
                "color": "#000",
              },
              Object {
                "fontSize": 16,
                "paddingStart": 5,
              },
            ]
          }
        >
          MP5-Fall2018-cyc2000
        </Text>
      </View>
      <Text
        style={
          Array [
            Object {
              "color": "#000",
            },
            Object {
              "fontSize": 12,
            },
          ]
        }
      >
         
        cs125-illinois-students
      </Text>
    </View>
    <Text
      style={
        Array [
          Object {
            "color": "#000",
          },
          Object {
            "flex": 1,
            "fontSize": 12,
          },
        ]
      }
    >
       
      MP5-Fall2018-cyc2000 created by GitHub Classroom
    </Text>
  </View>,
  <View
    style={
      Array [
        Object {
          "backgroundColor": "#fff",
        },
        Object {
          "borderTopColor": "#cccccc",
          "borderTopWidth": 1,
          "flex": 1,
          "paddingBottom": 10,
          "paddingLeft": 10,
          "paddingRight": 10,
          "paddingTop": 10,
          "width": "100%",
        },
      ]
    }
  >
    <View
      style={
        Array [
          Object {
            "backgroundColor": "#fff",
          },
          Object {
            "alignItems": "center",
            "flex": 1,
            "flexDirection": "row",
            "justifyContent": "space-between",
          },
        ]
      }
    >
      <View
        style={
          Array [
            Object {
              "backgroundColor": "#fff",
            },
            Object {
              "alignItems": "center",
              "flex": 1,
              "flexDirection": "row",
              "justifyContent": "flex-start",
            },
          ]
        }
      >
        <Text
          style={
            Array [
              Object {
                "color": "#000",
              },
              Object {
                "fontSize": 16,
                "paddingStart": 5,
              },
            ]
          }
        >
          Lab10
        </Text>
      </View>
      <Text
        style={
          Array [
            Object {
              "color": "#000",
            },
            Object {
              "fontSize": 12,
            },
          ]
        }
      >
         
        cyc2000
      </Text>
    </View>
    <Text
      style={
        Array [
          Object {
            "color": "#000",
          },
          Object {
            "flex": 1,
            "fontSize": 12,
          },
        ]
      }
    >
       
      Fall 2018 Lab10 starter code.
    </Text>
  </View>,
  <View
    style={
      Array [
        Object {
          "backgroundColor": "#fff",
        },
        Object {
          "borderTopColor": "#cccccc",
          "borderTopWidth": 1,
          "flex": 1,
          "paddingBottom": 10,
          "paddingLeft": 10,
          "paddingRight": 10,
          "paddingTop": 10,
          "width": "100%",
        },
      ]
    }
  >
    <View
      style={
        Array [
          Object {
            "backgroundColor": "#fff",
          },
          Object {
            "alignItems": "center",
            "flex": 1,
            "flexDirection": "row",
            "justifyContent": "space-between",
          },
        ]
      }
    >
      <View
        style={
          Array [
            Object {
              "backgroundColor": "#fff",
            },
            Object {
              "alignItems": "center",
              "flex": 1,
              "flexDirection": "row",
              "justifyContent": "flex-start",
            },
          ]
        }
      >
        <Text
          style={
            Array [
              Object {
                "color": "#000",
              },
              Object {
                "fontSize": 16,
                "paddingStart": 5,
              },
            ]
          }
        >
          Lab11
        </Text>
      </View>
      <Text
        style={
          Array [
            Object {
              "color": "#000",
            },
            Object {
              "fontSize": 12,
            },
          ]
        }
      >
         
        cyc2000
      </Text>
    </View>
    <Text
      style={
        Array [
          Object {
            "color": "#000",
          },
          Object {
            "flex": 1,
            "fontSize": 12,
          },
        ]
      }
    >
       
      Lab11 starter code.
    </Text>
  </View>,
  <View
    style={
      Array [
        Object {
          "backgroundColor": "#fff",
        },
        Object {
          "borderTopColor": "#cccccc",
          "borderTopWidth": 1,
          "flex": 1,
          "paddingBottom": 10,
          "paddingLeft": 10,
          "paddingRight": 10,
          "paddingTop": 10,
          "width": "100%",
        },
      ]
    }
  >
    <View
      style={
        Array [
          Object {
            "backgroundColor": "#fff",
          },
          Object {
            "alignItems": "center",
            "flex": 1,
            "flexDirection": "row",
            "justifyContent": "space-between",
          },
        ]
      }
    >
      <View
        style={
          Array [
            Object {
              "backgroundColor": "#fff",
            },
            Object {
              "alignItems": "center",
              "flex": 1,
              "flexDirection": "row",
              "justifyContent": "flex-start",
            },
          ]
        }
      >
        <Text
          style={
            Array [
              Object {
                "color": "#000",
              },
              Object {
                "fontSize": 16,
                "paddingStart": 5,
              },
            ]
          }
        >
          Lab12
        </Text>
      </View>
      <Text
        style={
          Array [
            Object {
              "color": "#000",
            },
            Object {
              "fontSize": 12,
            },
          ]
        }
      >
         
        cyc2000
      </Text>
    </View>
    <Text
      style={
        Array [
          Object {
            "color": "#000",
          },
          Object {
            "flex": 1,
            "fontSize": 12,
          },
        ]
      }
    >
       
      Lab12 starter code.
    </Text>
  </View>,
  <View
    style={
      Array [
        Object {
          "backgroundColor": "#fff",
        },
        Object {
          "borderTopColor": "#cccccc",
          "borderTopWidth": 1,
          "flex": 1,
          "paddingBottom": 10,
          "paddingLeft": 10,
          "paddingRight": 10,
          "paddingTop": 10,
          "width": "100%",
        },
      ]
    }
  >
    <View
      style={
        Array [
          Object {
            "backgroundColor": "#fff",
          },
          Object {
            "alignItems": "center",
            "flex": 1,
            "flexDirection": "row",
            "justifyContent": "space-between",
          },
        ]
      }
    >
      <View
        style={
          Array [
            Object {
              "backgroundColor": "#fff",
            },
            Object {
              "alignItems": "center",
              "flex": 1,
              "flexDirection": "row",
              "justifyContent": "flex-start",
            },
          ]
        }
      >
        <Text
          style={
            Array [
              Object {
                "color": "#000",
              },
              Object {
                "fontSize": 16,
                "paddingStart": 5,
              },
            ]
          }
        >
          meme_wiki
        </Text>
      </View>
      <Text
        style={
          Array [
            Object {
              "color": "#000",
            },
            Object {
              "fontSize": 12,
            },
          ]
        }
      >
         
        PeterKang108
      </Text>
    </View>
    <Text
      style={
        Array [
          Object {
            "color": "#000",
          },
          Object {
            "flex": 1,
            "fontSize": 12,
          },
        ]
      }
    >
       
    </Text>
  </View>,
  <View
    style={
      Array [
        Object {
          "backgroundColor": "#fff",
        },
        Object {
          "borderTopColor": "#cccccc",
          "borderTopWidth": 1,
          "flex": 1,
          "paddingBottom": 10,
          "paddingLeft": 10,
          "paddingRight": 10,
          "paddingTop": 10,
          "width": "100%",
        },
      ]
    }
  >
    <View
      style={
        Array [
          Object {
            "backgroundColor": "#fff",
          },
          Object {
            "alignItems": "center",
            "flex": 1,
            "flexDirection": "row",
            "justifyContent": "space-between",
          },
        ]
      }
    >
      <View
        style={
          Array [
            Object {
              "backgroundColor": "#fff",
            },
            Object {
              "alignItems": "center",
              "flex": 1,
              "flexDirection": "row",
              "justifyContent": "flex-start",
            },
          ]
        }
      >
        <Text
          style={
            Array [
              Object {
                "color": "#000",
              },
              Object {
                "fontSize": 16,
                "paddingStart": 5,
              },
            ]
          }
        >
          MP-Fall2019-cyc2000
        </Text>
      </View>
      <Text
        style={
          Array [
            Object {
              "color": "#000",
            },
            Object {
              "fontSize": 12,
            },
          ]
        }
      >
         
        cs125-illinois-students
      </Text>
    </View>
    <Text
      style={
        Array [
          Object {
            "color": "#000",
          },
          Object {
            "flex": 1,
            "fontSize": 12,
          },
        ]
      }
    >
       
      MP-Fall2019-cyc2000 created by GitHub Classroom
    </Text>
  </View>,
  <View
    style={
      Array [
        Object {
          "backgroundColor": "#fff",
        },
        Object {
          "borderTopColor": "#cccccc",
          "borderTopWidth": 1,
          "flex": 1,
          "paddingBottom": 10,
          "paddingLeft": 10,
          "paddingRight": 10,
          "paddingTop": 10,
          "width": "100%",
        },
      ]
    }
  >
    <View
      style={
        Array [
          Object {
            "backgroundColor": "#fff",
          },
          Object {
            "alignItems": "center",
            "flex": 1,
            "flexDirection": "row",
            "justifyContent": "space-between",
          },
        ]
      }
    >
      <View
        style={
          Array [
            Object {
              "backgroundColor": "#fff",
            },
            Object {
              "alignItems": "center",
              "flex": 1,
              "flexDirection": "row",
              "justifyContent": "flex-start",
            },
          ]
        }
      >
        <Text
          style={
            Array [
              Object {
                "color": "#000",
              },
              Object {
                "fontSize": 16,
                "paddingStart": 5,
              },
            ]
          }
        >
          demos
        </Text>
      </View>
      <Text
        style={
          Array [
            Object {
              "color": "#000",
            },
            Object {
              "fontSize": 12,
            },
          ]
        }
      >
         
        cyc2000
      </Text>
    </View>
    <Text
      style={
        Array [
          Object {
            "color": "#000",
          },
          Object {
            "flex": 1,
            "fontSize": 12,
          },
        ]
      }
    >
       
    </Text>
  </View>,
  <View
    style={
      Array [
        Object {
          "backgroundColor": "#fff",
        },
        Object {
          "borderTopColor": "#cccccc",
          "borderTopWidth": 1,
          "flex": 1,
          "paddingBottom": 10,
          "paddingLeft": 10,
          "paddingRight": 10,
          "paddingTop": 10,
          "width": "100%",
        },
      ]
    }
  >
    <View
      style={
        Array [
          Object {
            "backgroundColor": "#fff",
          },
          Object {
            "alignItems": "center",
            "flex": 1,
            "flexDirection": "row",
            "justifyContent": "space-between",
          },
        ]
      }
    >
      <View
        style={
          Array [
            Object {
              "backgroundColor": "#fff",
            },
            Object {
              "alignItems": "center",
              "flex": 1,
              "flexDirection": "row",
              "justifyContent": "flex-start",
            },
          ]
        }
      >
        <Text
          style={
            Array [
              Object {
                "color": "#000",
              },
              Object {
                "fontSize": 16,
                "paddingStart": 5,
              },
            ]
          }
        >
          CS411-final-project
        </Text>
      </View>
      <Text
        style={
          Array [
            Object {
              "color": "#000",
            },
            Object {
              "fontSize": 12,
            },
          ]
        }
      >
         
        PeterKang108
      </Text>
    </View>
    <Text
      style={
        Array [
          Object {
            "color": "#000",
          },
          Object {
            "flex": 1,
            "fontSize": 12,
          },
        ]
      }
    >
       
    </Text>
  </View>,
  <View
    style={
      Array [
        Object {
          "backgroundColor": "#fff",
        },
        Object {
          "borderTopColor": "#cccccc",
          "borderTopWidth": 1,
          "flex": 1,
          "paddingBottom": 10,
          "paddingLeft": 10,
          "paddingRight": 10,
          "paddingTop": 10,
          "width": "100%",
        },
      ]
    }
  >
    <View
      style={
        Array [
          Object {
            "backgroundColor": "#fff",
          },
          Object {
            "alignItems": "center",
            "flex": 1,
            "flexDirection": "row",
            "justifyContent": "space-between",
          },
        ]
      }
    >
      <View
        style={
          Array [
            Object {
              "backgroundColor": "#fff",
            },
            Object {
              "alignItems": "center",
              "flex": 1,
              "flexDirection": "row",
              "justifyContent": "flex-start",
            },
          ]
        }
      >
        <Text
          style={
            Array [
              Object {
                "color": "#000",
              },
              Object {
                "fontSize": 16,
                "paddingStart": 5,
              },
            ]
          }
        >
          STAT420_FA20_final-project
        </Text>
      </View>
      <Text
        style={
          Array [
            Object {
              "color": "#000",
            },
            Object {
              "fontSize": 12,
            },
          ]
        }
      >
         
        eric1932
      </Text>
    </View>
    <Text
      style={
        Array [
          Object {
            "color": "#000",
          },
          Object {
            "flex": 1,
            "fontSize": 12,
          },
        ]
      }
    >
       
    </Text>
  </View>,
  <View
    style={
      Array [
        Object {
          "backgroundColor": "#fff",
        },
        Object {
          "borderTopColor": "#cccccc",
          "borderTopWidth": 1,
          "flex": 1,
          "paddingBottom": 10,
          "paddingLeft": 10,
          "paddingRight": 10,
          "paddingTop": 10,
          "width": "100%",
        },
      ]
    }
  >
    <View
      style={
        Array [
          Object {
            "backgroundColor": "#fff",
          },
          Object {
            "alignItems": "center",
            "flex": 1,
            "flexDirection": "row",
            "justifyContent": "space-between",
          },
        ]
      }
    >
      <View
        style={
          Array [
            Object {
              "backgroundColor": "#fff",
            },
            Object {
              "alignItems": "center",
              "flex": 1,
              "flexDirection": "row",
              "justifyContent": "flex-start",
            },
          ]
        }
      >
        <Text
          style={
            Array [
              Object {
                "color": "#000",
              },
              Object {
                "fontSize": 16,
                "paddingStart": 5,
              },
            ]
          }
        >
          STAT420_FA20_final-project
        </Text>
      </View>
      <Text
        style={
          Array [
            Object {
              "color": "#000",
            },
            Object {
              "fontSize": 12,
            },
          ]
        }
      >
         
        cyc2000
      </Text>
    </View>
    <Text
      style={
        Array [
          Object {
            "color": "#000",
          },
          Object {
            "flex": 1,
            "fontSize": 12,
          },
        ]
      }
    >
       
    </Text>
  </View>,
  <View
    style={
      Array [
        Object {
          "backgroundColor": "#fff",
        },
        Object {
          "borderTopColor": "#cccccc",
          "borderTopWidth": 1,
          "flex": 1,
          "paddingBottom": 10,
          "paddingLeft": 10,
          "paddingRight": 10,
          "paddingTop": 10,
          "width": "100%",
        },
      ]
    }
  >
    <View
      style={
        Array [
          Object {
            "backgroundColor": "#fff",
          },
          Object {
            "alignItems": "center",
            "flex": 1,
            "flexDirection": "row",
            "justifyContent": "space-between",
          },
        ]
      }
    >
      <View
        style={
          Array [
            Object {
              "backgroundColor": "#fff",
            },
            Object {
              "alignItems": "center",
              "flex": 1,
              "flexDirection": "row",
              "justifyContent": "flex-start",
            },
          ]
        }
      >
        <Text
          style={
            Array [
              Object {
                "color": "#000",
              },
              Object {
                "fontSize": 16,
                "paddingStart": 5,
              },
            ]
          }
        >
          testfetch
        </Text>
      </View>
      <Text
        style={
          Array [
            Object {
              "color": "#000",
            },
            Object {
              "fontSize": 12,
            },
          ]
        }
      >
         
        cyc2000
      </Text>
    </View>
    <Text
      style={
        Array [
          Object {
            "color": "#000",
          },
          Object {
            "flex": 1,
            "fontSize": 12,
          },
        ]
      }
    >
       
    </Text>
  </View>,
]
`;
